Reached end
Reached end
Reached end
Reached end
Reached end
Reached end
Reached end
Reached end
Reached end
Reached end
Reached end
